\BOOKMARK [0][-]{chapter*.2}{\376\377\000R\000\351\000s\000u\000m\000\351\000\040\000E\000x\000\351\000c\000u\000t\000i\000f}{}% 1
\BOOKMARK [0][-]{chapter.1}{\376\377\000I\000n\000t\000r\000o\000d\000u\000c\000t\000i\000o\000n}{}% 2
\BOOKMARK [1][-]{section.1.1}{\376\377\000C\000o\000n\000t\000e\000x\000t\000e\000\040\000e\000t\000\040\000P\000r\000o\000b\000l\000\351\000m\000a\000t\000i\000q\000u\000e}{chapter.1}% 3
\BOOKMARK [1][-]{section.1.2}{\376\377\000O\000b\000j\000e\000c\000t\000i\000f\000s\000\040\000d\000u\000\040\000P\000r\000o\000j\000e\000t}{chapter.1}% 4
\BOOKMARK [1][-]{section.1.3}{\376\377\000P\000\351\000r\000i\000m\000\350\000t\000r\000e\000\040\000d\000u\000\040\000T\000r\000a\000v\000a\000i\000l}{chapter.1}% 5
\BOOKMARK [2][-]{subsection.1.3.1}{\376\377\000B\000a\000c\000k\000e\000n\000d\000\040\000\050\000A\000P\000I\000\040\000\040\000D\000a\000t\000a\000\051}{section.1.3}% 6
\BOOKMARK [2][-]{subsection.1.3.2}{\376\377\000F\000r\000o\000n\000t\000e\000n\000d\000\040\000\050\000I\000n\000t\000e\000r\000f\000a\000c\000e\000s\000\040\000U\000t\000i\000l\000i\000s\000a\000t\000e\000u\000r\000\051}{section.1.3}% 7
\BOOKMARK [0][-]{chapter.2}{\376\377\000A\000r\000c\000h\000i\000t\000e\000c\000t\000u\000r\000e\000\040\000T\000e\000c\000h\000n\000i\000q\000u\000e}{}% 8
\BOOKMARK [1][-]{section.2.1}{\376\377\000V\000u\000e\000\040\000d\000'\000e\000n\000s\000e\000m\000b\000l\000e\000\040\000d\000e\000\040\000l\000a\000\040\000S\000t\000a\000c\000k}{chapter.2}% 9
\BOOKMARK [2][-]{subsection.2.1.1}{\376\377\000F\000r\000o\000n\000t\000e\000n\000d\000\040\000\046\000\040\000B\000a\000c\000k\000e\000n\000d\000\040\000\050\000N\000e\000x\000t\000.\000j\000s\000\051}{section.2.1}% 10
\BOOKMARK [2][-]{subsection.2.1.2}{\376\377\000B\000a\000s\000e\000\040\000d\000e\000\040\000D\000o\000n\000n\000\351\000e\000s\000\040\000\050\000S\000Q\000L\000i\000t\000e\000\040\000\046\000\040\000P\000r\000i\000s\000m\000a\000\051}{section.2.1}% 11
\BOOKMARK [1][-]{section.2.2}{\376\377\000M\000o\000d\000\351\000l\000i\000s\000a\000t\000i\000o\000n\000\040\000d\000e\000s\000\040\000D\000o\000n\000n\000\351\000e\000s}{chapter.2}% 12
\BOOKMARK [2][-]{subsection.2.2.1}{\376\377\000G\000e\000s\000t\000i\000o\000n\000\040\000d\000e\000s\000\040\000U\000t\000i\000l\000i\000s\000a\000t\000e\000u\000r\000s}{section.2.2}% 13
\BOOKMARK [2][-]{subsection.2.2.2}{\376\377\000G\000e\000s\000t\000i\000o\000n\000\040\000d\000e\000s\000\040\000F\000o\000n\000d\000s\000\040\000\050\000S\000e\000s\000s\000i\000o\000n\000\040\000\040\000M\000o\000u\000v\000e\000m\000e\000n\000t\000s\000\051}{section.2.2}% 14
\BOOKMARK [1][-]{section.2.3}{\376\377\000S\000\351\000c\000u\000r\000i\000t\000\351}{chapter.2}% 15
\BOOKMARK [0][-]{chapter.3}{\376\377\000I\000m\000p\000l\000\351\000m\000e\000n\000t\000a\000t\000i\000o\000n\000\040\000e\000t\000\040\000F\000o\000n\000c\000t\000i\000o\000n\000n\000a\000l\000i\000t\000\351\000s}{}% 16
\BOOKMARK [1][-]{section.3.1}{\376\377\000W\000o\000r\000k\000f\000l\000o\000w\000\040\000C\000a\000i\000s\000s\000i\000e\000r}{chapter.3}% 17
\BOOKMARK [2][-]{subsection.3.1.1}{\376\377\000O\000u\000v\000e\000r\000t\000u\000r\000e\000\040\000d\000e\000\040\000S\000e\000s\000s\000i\000o\000n}{section.3.1}% 18
\BOOKMARK [2][-]{subsection.3.1.2}{\376\377\000O\000p\000\351\000r\000a\000t\000i\000o\000n\000s\000\040\000Q\000u\000o\000t\000i\000d\000i\000e\000n\000n\000e\000s}{section.3.1}% 19
\BOOKMARK [2][-]{subsection.3.1.3}{\376\377\000C\000l\000\364\000t\000u\000r\000e\000\040\000e\000t\000\040\000R\000\351\000c\000o\000n\000c\000i\000l\000i\000a\000t\000i\000o\000n}{section.3.1}% 20
\BOOKMARK [1][-]{section.3.2}{\376\377\000S\000u\000p\000e\000r\000v\000i\000s\000i\000o\000n\000\040\000A\000d\000m\000i\000n\000i\000s\000t\000r\000a\000t\000e\000u\000r}{chapter.3}% 21
\BOOKMARK [2][-]{subsection.3.2.1}{\376\377\000T\000a\000b\000l\000e\000a\000u\000\040\000d\000e\000\040\000B\000o\000r\000d\000\040\000e\000n\000\040\000T\000e\000m\000p\000s\000\040\000R\000\351\000e\000l}{section.3.2}% 22
\BOOKMARK [2][-]{subsection.3.2.2}{\376\377\000A\000u\000d\000i\000t\000\040\000e\000t\000\040\000R\000a\000p\000p\000o\000r\000t\000s}{section.3.2}% 23
\BOOKMARK [0][-]{chapter.4}{\376\377\000C\000o\000n\000c\000l\000u\000s\000i\000o\000n\000\040\000e\000t\000\040\000P\000e\000r\000s\000p\000e\000c\000t\000i\000v\000e\000s}{}% 24
